server http://localhost:57988/ (started), chromium 153.0.8010.12
script tools/shot/scripts/drop-reset.json (scene drop)
ok   t1 -> artifacts/shots/drop-reset/t1.png (0 errors, 0 warnings, sim 1.000 s)
ok   after-r -> artifacts/shots/drop-reset/after-r.png (0 errors, 0 warnings, sim 0.500 s)
ok   after-tap -> artifacts/shots/drop-reset/after-tap.png (0 errors, 0 warnings, sim 0.250 s)
script tools/shot/scripts/hub-bench-around.json (scene hub, layout plaza)
ok   behind-bench -> artifacts/shots/hub-bench-around/behind-bench.png (0 errors, 0 warnings, sim 1.700 s)
ok   going-around -> artifacts/shots/hub-bench-around/going-around.png (0 errors, 0 warnings, sim 2.200 s)
ok   hopping-on -> artifacts/shots/hub-bench-around/hopping-on.png (0 errors, 0 warnings, sim 3.200 s)
ok   sat-from-behind -> artifacts/shots/hub-bench-around/sat-from-behind.png (0 errors, 0 warnings, sim 4.200 s)
script tools/shot/scripts/hub-bench-depth.json (scene hub, layout plaza)
ok   same-row-as-bench -> artifacts/shots/hub-bench-depth/same-row-as-bench.png (0 errors, 0 warnings, sim 0.833 s)
ok   behind-bench -> artifacts/shots/hub-bench-depth/behind-bench.png (0 errors, 0 warnings, sim 1.733 s)
ok   in-front-of-bench -> artifacts/shots/hub-bench-depth/in-front-of-bench.png (0 errors, 0 warnings, sim 3.533 s)
ok   sat-with-e -> artifacts/shots/hub-bench-depth/sat-with-e.png (0 errors, 0 warnings, sim 4.533 s)
script tools/shot/scripts/hub-bench.json (scene hub, layout plaza)
ok   walking-over -> artifacts/shots/hub-bench/walking-over.png (0 errors, 0 warnings, sim 0.400 s)
ok   hop-on -> artifacts/shots/hub-bench/hop-on.png (0 errors, 0 warnings, sim 1.000 s)
ok   greeted -> artifacts/shots/hub-bench/greeted.png (0 errors, 0 warnings, sim 1.600 s)
ok   sitting-swing -> artifacts/shots/hub-bench/sitting-swing.png (0 errors, 0 warnings, sim 2.300 s)
ok   greeting-over -> artifacts/shots/hub-bench/greeting-over.png (0 errors, 0 warnings, sim 3.900 s)
ok   dozing -> artifacts/shots/hub-bench/dozing.png (0 errors, 0 warnings, sim 6.700 s)
ok   dozing-later -> artifacts/shots/hub-bench/dozing-later.png (0 errors, 0 warnings, sim 7.700 s)
ok   standing-up -> artifacts/shots/hub-bench/standing-up.png (0 errors, 0 warnings, sim 7.850 s)
ok   walked-off -> artifacts/shots/hub-bench/walked-off.png (0 errors, 0 warnings, sim 8.350 s)
script tools/shot/scripts/hub-carts-board-still.json (scene hub, layout plaza)
ok   hopping-in -> artifacts/shots/hub-carts-board-still/hopping-in.png (0 errors, 0 warnings, sim 1.500 s)
ok   in-still-cart -> artifacts/shots/hub-carts-board-still/in-still-cart.png (0 errors, 0 warnings, sim 1.900 s)
script tools/shot/scripts/hub-carts-heavy.json (scene hub, layout plaza)
ok   east-of-heavy-cart -> artifacts/shots/hub-carts-heavy/east-of-heavy-cart.png (0 errors, 0 warnings, sim 3.100 s)
ok   pushing-a -> artifacts/shots/hub-carts-heavy/pushing-a.png (0 errors, 0 warnings, sim 3.600 s)
ok   pushing-b -> artifacts/shots/hub-carts-heavy/pushing-b.png (0 errors, 0 warnings, sim 3.900 s)
ok   at-cap -> artifacts/shots/hub-carts-heavy/at-cap.png (0 errors, 0 warnings, sim 4.900 s)
ok   coasting -> artifacts/shots/hub-carts-heavy/coasting.png (0 errors, 0 warnings, sim 5.400 s)
script tools/shot/scripts/hub-carts-push.json (scene hub, layout plaza)
ok   west-of-light-cart -> artifacts/shots/hub-carts-push/west-of-light-cart.png (0 errors, 0 warnings, sim 1.000 s)
ok   pushing-a -> artifacts/shots/hub-carts-push/pushing-a.png (0 errors, 0 warnings, sim 1.300 s)
ok   pushing-b -> artifacts/shots/hub-carts-push/pushing-b.png (0 errors, 0 warnings, sim 1.400 s)
ok   at-cap -> artifacts/shots/hub-carts-push/at-cap.png (0 errors, 0 warnings, sim 1.600 s)
ok   coasting -> artifacts/shots/hub-carts-push/coasting.png (0 errors, 0 warnings, sim 2.500 s)
ok   after-collision -> artifacts/shots/hub-carts-push/after-collision.png (0 errors, 0 warnings, sim 4.000 s)
ok   later -> artifacts/shots/hub-carts-push/later.png (0 errors, 0 warnings, sim 7.000 s)
script tools/shot/scripts/hub-depth-tie.json (scene hub, layout plaza)
ok   same-row-as-prop -> artifacts/shots/hub-depth-tie/same-row-as-prop.png (0 errors, 0 warnings, sim 3.900 s)
script tools/shot/scripts/hub-carts-ride.json (scene hub, layout plaza)
ok   at-cap -> artifacts/shots/hub-carts-ride/at-cap.png (0 errors, 0 warnings, sim 1.600 s)
ok   crouch -> artifacts/shots/hub-carts-ride/crouch.png (0 errors, 0 warnings, sim 1.667 s)
ok   hop-up -> artifacts/shots/hub-carts-ride/hop-up.png (0 errors, 0 warnings, sim 1.867 s)
ok   hop-down -> artifacts/shots/hub-carts-ride/hop-down.png (0 errors, 0 warnings, sim 2.017 s)
ok   got-in -> artifacts/shots/hub-carts-ride/got-in.png (0 errors, 0 warnings, sim 2.117 s)
ok   riding -> artifacts/shots/hub-carts-ride/riding.png (0 errors, 0 warnings, sim 2.617 s)
ok   hopping-out -> artifacts/shots/hub-carts-ride/hopping-out.png (0 errors, 0 warnings, sim 2.717 s)
ok   got-out -> artifacts/shots/hub-carts-ride/got-out.png (0 errors, 0 warnings, sim 3.017 s)
ok   rolling-on -> artifacts/shots/hub-carts-ride/rolling-on.png (0 errors, 0 warnings, sim 3.517 s)
script tools/shot/scripts/hub-depth.json (scene hub, layout plaza)
ok   behind-prop -> artifacts/shots/hub-depth/behind-prop.png (0 errors, 0 warnings, sim 2.500 s)
ok   in-front-of-prop -> artifacts/shots/hub-depth/in-front-of-prop.png (0 errors, 0 warnings, sim 4.750 s)
ok   stuck-cancelled -> artifacts/shots/hub-depth/stuck-cancelled.png (0 errors, 0 warnings, sim 6.750 s)
script tools/shot/scripts/hub-island-portals.json (scene hub, layout island)
ok   towards-waves -> artifacts/shots/hub-island-portals/towards-waves.png (0 errors, 0 warnings, sim 1.000 s)
ok   at-the-portals -> artifacts/shots/hub-island-portals/at-the-portals.png (0 errors, 0 warnings, sim 1.700 s)
ok   into-waves -> artifacts/shots/hub-island-portals/into-waves.png (0 errors, 0 warnings, sim 2.600 s)
ok   gone -> artifacts/shots/hub-island-portals/gone.png (0 errors, 0 warnings, sim 3.200 s)
script tools/shot/scripts/hub-island-edges.json (scene hub, layout island)
ok   north-edge -> artifacts/shots/hub-island-edges/north-edge.png (0 errors, 0 warnings, sim 3.600 s)
ok   north-east-edge -> artifacts/shots/hub-island-edges/north-east-edge.png (0 errors, 0 warnings, sim 7.200 s)
ok   east-corner -> artifacts/shots/hub-island-edges/east-corner.png (0 errors, 0 warnings, sim 10.300 s)
ok   west-corner -> artifacts/shots/hub-island-edges/west-corner.png (0 errors, 0 warnings, sim 15.900 s)
ok   south-edge -> artifacts/shots/hub-island-edges/south-edge.png (0 errors, 0 warnings, sim 20.500 s)
script tools/shot/scripts/hub-island-walk.json (scene hub, layout island)
ok   start -> artifacts/shots/hub-island-walk/start.png (0 errors, 0 warnings, sim 0.200 s)
ok   walked-north -> artifacts/shots/hub-island-walk/walked-north.png (0 errors, 0 warnings, sim 2.400 s)
ok   by-the-bench -> artifacts/shots/hub-island-walk/by-the-bench.png (0 errors, 0 warnings, sim 5.100 s)
ok   by-the-rail -> artifacts/shots/hub-island-walk/by-the-rail.png (0 errors, 0 warnings, sim 8.300 s)
script tools/shot/scripts/hub-jump.json (scene hub, layout plaza)
ok   ground -> artifacts/shots/hub-jump/ground.png (0 errors, 0 warnings, sim 0.000 s)
ok   apex -> artifacts/shots/hub-jump/apex.png (0 errors, 0 warnings, sim 0.400 s)
ok   landed -> artifacts/shots/hub-jump/landed.png (0 errors, 0 warnings, sim 1.000 s)
ok   air-control -> artifacts/shots/hub-jump/air-control.png (0 errors, 0 warnings, sim 1.500 s)
ok   landed-again -> artifacts/shots/hub-jump/landed-again.png (0 errors, 0 warnings, sim 2.000 s)
script tools/shot/scripts/hub-portal-locked.json (scene hub, layout portals)
ok   at-the-ring -> artifacts/shots/hub-portal-locked/at-the-ring.png (0 errors, 0 warnings, sim 0.550 s)
ok   bounced -> artifacts/shots/hub-portal-locked/bounced.png (0 errors, 0 warnings, sim 0.650 s)
ok   landing -> artifacts/shots/hub-portal-locked/landing.png (0 errors, 0 warnings, sim 0.850 s)
ok   back-out -> artifacts/shots/hub-portal-locked/back-out.png (0 errors, 0 warnings, sim 1.350 s)
script tools/shot/scripts/hub-portal-enter.json (scene hub, layout portals)
ok   start -> artifacts/shots/hub-portal-enter/start.png (0 errors, 0 warnings, sim 0.100 s)
ok   walking-over -> artifacts/shots/hub-portal-enter/walking-over.png (0 errors, 0 warnings, sim 1.100 s)
ok   entering -> artifacts/shots/hub-portal-enter/entering.png (0 errors, 0 warnings, sim 2.050 s)
ok   vanishing -> artifacts/shots/hub-portal-enter/vanishing.png (0 errors, 0 warnings, sim 2.300 s)
ok   gone -> artifacts/shots/hub-portal-enter/gone.png (0 errors, 0 warnings, sim 2.800 s)
ok   still-gone -> artifacts/shots/hub-portal-enter/still-gone.png (0 errors, 0 warnings, sim 3.300 s)
script tools/shot/scripts/hub-walk.json (scene hub, layout plaza)
ok   start -> artifacts/shots/hub-walk/start.png (0 errors, 0 warnings, sim 0.000 s)
ok   walked-1s -> artifacts/shots/hub-walk/walked-1s.png (0 errors, 0 warnings, sim 1.000 s)
ok   ran-back-1s -> artifacts/shots/hub-walk/ran-back-1s.png (0 errors, 0 warnings, sim 2.000 s)
ok   diagonal-half-s -> artifacts/shots/hub-walk/diagonal-half-s.png (0 errors, 0 warnings, sim 2.500 s)
script tools/shot/scripts/hub-yard-bench.json (scene hub, layout bench)
ok   walking-over -> artifacts/shots/hub-yard-bench/walking-over.png (0 errors, 0 warnings, sim 0.400 s)
ok   hop-on -> artifacts/shots/hub-yard-bench/hop-on.png (0 errors, 0 warnings, sim 1.000 s)
ok   greeted -> artifacts/shots/hub-yard-bench/greeted.png (0 errors, 0 warnings, sim 1.600 s)
script tools/shot/scripts/hub-yard-carts.json (scene hub, layout carts)
ok   west-of-light-cart -> artifacts/shots/hub-yard-carts/west-of-light-cart.png (0 errors, 0 warnings, sim 1.000 s)
ok   at-cap -> artifacts/shots/hub-yard-carts/at-cap.png (0 errors, 0 warnings, sim 1.600 s)
ok   after-collision -> artifacts/shots/hub-yard-carts/after-collision.png (0 errors, 0 warnings, sim 4.000 s)
script tools/shot/scripts/hub-carts-board-still.json (scene hub, layout plaza, look blue,spots,bow,glasses)
ok   hopping-in -> artifacts/shots/look-blue-spots-bow-glasses/hub-carts-board-still/hopping-in.png (0 errors, 0 warnings, sim 1.500 s)
ok   in-still-cart -> artifacts/shots/look-blue-spots-bow-glasses/hub-carts-board-still/in-still-cart.png (0 errors, 0 warnings, sim 1.900 s)
script tools/shot/scripts/hub-bench-around.json (scene hub, layout plaza, look blue,spots,bow,glasses)
ok   behind-bench -> artifacts/shots/look-blue-spots-bow-glasses/hub-bench-around/behind-bench.png (0 errors, 0 warnings, sim 1.700 s)
ok   going-around -> artifacts/shots/look-blue-spots-bow-glasses/hub-bench-around/going-around.png (0 errors, 0 warnings, sim 2.200 s)
ok   hopping-on -> artifacts/shots/look-blue-spots-bow-glasses/hub-bench-around/hopping-on.png (0 errors, 0 warnings, sim 3.200 s)
ok   sat-from-behind -> artifacts/shots/look-blue-spots-bow-glasses/hub-bench-around/sat-from-behind.png (0 errors, 0 warnings, sim 4.200 s)
script tools/shot/scripts/hub-bench-depth.json (scene hub, layout plaza, look blue,spots,bow,glasses)
ok   same-row-as-bench -> artifacts/shots/look-blue-spots-bow-glasses/hub-bench-depth/same-row-as-bench.png (0 errors, 0 warnings, sim 0.833 s)
ok   behind-bench -> artifacts/shots/look-blue-spots-bow-glasses/hub-bench-depth/behind-bench.png (0 errors, 0 warnings, sim 1.733 s)
ok   in-front-of-bench -> artifacts/shots/look-blue-spots-bow-glasses/hub-bench-depth/in-front-of-bench.png (0 errors, 0 warnings, sim 3.533 s)
ok   sat-with-e -> artifacts/shots/look-blue-spots-bow-glasses/hub-bench-depth/sat-with-e.png (0 errors, 0 warnings, sim 4.533 s)
script tools/shot/scripts/hub-bench.json (scene hub, layout plaza, look blue,spots,bow,glasses)
ok   walking-over -> artifacts/shots/look-blue-spots-bow-glasses/hub-bench/walking-over.png (0 errors, 0 warnings, sim 0.400 s)
ok   hop-on -> artifacts/shots/look-blue-spots-bow-glasses/hub-bench/hop-on.png (0 errors, 0 warnings, sim 1.000 s)
ok   greeted -> artifacts/shots/look-blue-spots-bow-glasses/hub-bench/greeted.png (0 errors, 0 warnings, sim 1.600 s)
ok   sitting-swing -> artifacts/shots/look-blue-spots-bow-glasses/hub-bench/sitting-swing.png (0 errors, 0 warnings, sim 2.300 s)
ok   greeting-over -> artifacts/shots/look-blue-spots-bow-glasses/hub-bench/greeting-over.png (0 errors, 0 warnings, sim 3.900 s)
ok   dozing -> artifacts/shots/look-blue-spots-bow-glasses/hub-bench/dozing.png (0 errors, 0 warnings, sim 6.700 s)
ok   dozing-later -> artifacts/shots/look-blue-spots-bow-glasses/hub-bench/dozing-later.png (0 errors, 0 warnings, sim 7.700 s)
ok   standing-up -> artifacts/shots/look-blue-spots-bow-glasses/hub-bench/standing-up.png (0 errors, 0 warnings, sim 7.850 s)
ok   walked-off -> artifacts/shots/look-blue-spots-bow-glasses/hub-bench/walked-off.png (0 errors, 0 warnings, sim 8.350 s)
script tools/shot/scripts/hub-carts-heavy.json (scene hub, layout plaza, look blue,spots,bow,glasses)
ok   east-of-heavy-cart -> artifacts/shots/look-blue-spots-bow-glasses/hub-carts-heavy/east-of-heavy-cart.png (0 errors, 0 warnings, sim 3.100 s)
ok   pushing-a -> artifacts/shots/look-blue-spots-bow-glasses/hub-carts-heavy/pushing-a.png (0 errors, 0 warnings, sim 3.600 s)
ok   pushing-b -> artifacts/shots/look-blue-spots-bow-glasses/hub-carts-heavy/pushing-b.png (0 errors, 0 warnings, sim 3.900 s)
ok   at-cap -> artifacts/shots/look-blue-spots-bow-glasses/hub-carts-heavy/at-cap.png (0 errors, 0 warnings, sim 4.900 s)
ok   coasting -> artifacts/shots/look-blue-spots-bow-glasses/hub-carts-heavy/coasting.png (0 errors, 0 warnings, sim 5.400 s)
script tools/shot/scripts/hub-carts-push.json (scene hub, layout plaza, look blue,spots,bow,glasses)
ok   west-of-light-cart -> artifacts/shots/look-blue-spots-bow-glasses/hub-carts-push/west-of-light-cart.png (0 errors, 0 warnings, sim 1.000 s)
ok   pushing-a -> artifacts/shots/look-blue-spots-bow-glasses/hub-carts-push/pushing-a.png (0 errors, 0 warnings, sim 1.300 s)
ok   pushing-b -> artifacts/shots/look-blue-spots-bow-glasses/hub-carts-push/pushing-b.png (0 errors, 0 warnings, sim 1.400 s)
ok   at-cap -> artifacts/shots/look-blue-spots-bow-glasses/hub-carts-push/at-cap.png (0 errors, 0 warnings, sim 1.600 s)
ok   coasting -> artifacts/shots/look-blue-spots-bow-glasses/hub-carts-push/coasting.png (0 errors, 0 warnings, sim 2.500 s)
ok   after-collision -> artifacts/shots/look-blue-spots-bow-glasses/hub-carts-push/after-collision.png (0 errors, 0 warnings, sim 4.000 s)
ok   later -> artifacts/shots/look-blue-spots-bow-glasses/hub-carts-push/later.png (0 errors, 0 warnings, sim 7.000 s)
script tools/shot/scripts/hub-depth-tie.json (scene hub, layout plaza, look blue,spots,bow,glasses)
ok   same-row-as-prop -> artifacts/shots/look-blue-spots-bow-glasses/hub-depth-tie/same-row-as-prop.png (0 errors, 0 warnings, sim 3.900 s)
script tools/shot/scripts/hub-carts-ride.json (scene hub, layout plaza, look blue,spots,bow,glasses)
ok   at-cap -> artifacts/shots/look-blue-spots-bow-glasses/hub-carts-ride/at-cap.png (0 errors, 0 warnings, sim 1.600 s)
ok   crouch -> artifacts/shots/look-blue-spots-bow-glasses/hub-carts-ride/crouch.png (0 errors, 0 warnings, sim 1.667 s)
ok   hop-up -> artifacts/shots/look-blue-spots-bow-glasses/hub-carts-ride/hop-up.png (0 errors, 0 warnings, sim 1.867 s)
ok   hop-down -> artifacts/shots/look-blue-spots-bow-glasses/hub-carts-ride/hop-down.png (0 errors, 0 warnings, sim 2.017 s)
ok   got-in -> artifacts/shots/look-blue-spots-bow-glasses/hub-carts-ride/got-in.png (0 errors, 0 warnings, sim 2.117 s)
ok   riding -> artifacts/shots/look-blue-spots-bow-glasses/hub-carts-ride/riding.png (0 errors, 0 warnings, sim 2.617 s)
ok   hopping-out -> artifacts/shots/look-blue-spots-bow-glasses/hub-carts-ride/hopping-out.png (0 errors, 0 warnings, sim 2.717 s)
ok   got-out -> artifacts/shots/look-blue-spots-bow-glasses/hub-carts-ride/got-out.png (0 errors, 0 warnings, sim 3.017 s)
ok   rolling-on -> artifacts/shots/look-blue-spots-bow-glasses/hub-carts-ride/rolling-on.png (0 errors, 0 warnings, sim 3.517 s)
script tools/shot/scripts/hub-depth.json (scene hub, layout plaza, look blue,spots,bow,glasses)
ok   behind-prop -> artifacts/shots/look-blue-spots-bow-glasses/hub-depth/behind-prop.png (0 errors, 0 warnings, sim 2.500 s)
ok   in-front-of-prop -> artifacts/shots/look-blue-spots-bow-glasses/hub-depth/in-front-of-prop.png (0 errors, 0 warnings, sim 4.750 s)
ok   stuck-cancelled -> artifacts/shots/look-blue-spots-bow-glasses/hub-depth/stuck-cancelled.png (0 errors, 0 warnings, sim 6.750 s)
script tools/shot/scripts/hub-island-portals.json (scene hub, layout island, look blue,spots,bow,glasses)
ok   towards-waves -> artifacts/shots/look-blue-spots-bow-glasses/hub-island-portals/towards-waves.png (0 errors, 0 warnings, sim 1.000 s)
ok   at-the-portals -> artifacts/shots/look-blue-spots-bow-glasses/hub-island-portals/at-the-portals.png (0 errors, 0 warnings, sim 1.700 s)
ok   into-waves -> artifacts/shots/look-blue-spots-bow-glasses/hub-island-portals/into-waves.png (0 errors, 0 warnings, sim 2.600 s)
ok   gone -> artifacts/shots/look-blue-spots-bow-glasses/hub-island-portals/gone.png (0 errors, 0 warnings, sim 3.200 s)
script tools/shot/scripts/hub-island-edges.json (scene hub, layout island, look blue,spots,bow,glasses)
ok   north-edge -> artifacts/shots/look-blue-spots-bow-glasses/hub-island-edges/north-edge.png (0 errors, 0 warnings, sim 3.600 s)
ok   north-east-edge -> artifacts/shots/look-blue-spots-bow-glasses/hub-island-edges/north-east-edge.png (0 errors, 0 warnings, sim 7.200 s)
ok   east-corner -> artifacts/shots/look-blue-spots-bow-glasses/hub-island-edges/east-corner.png (0 errors, 0 warnings, sim 10.300 s)
ok   west-corner -> artifacts/shots/look-blue-spots-bow-glasses/hub-island-edges/west-corner.png (0 errors, 0 warnings, sim 15.900 s)
ok   south-edge -> artifacts/shots/look-blue-spots-bow-glasses/hub-island-edges/south-edge.png (0 errors, 0 warnings, sim 20.500 s)
script tools/shot/scripts/hub-jump.json (scene hub, layout plaza, look blue,spots,bow,glasses)
ok   ground -> artifacts/shots/look-blue-spots-bow-glasses/hub-jump/ground.png (0 errors, 0 warnings, sim 0.000 s)
ok   apex -> artifacts/shots/look-blue-spots-bow-glasses/hub-jump/apex.png (0 errors, 0 warnings, sim 0.400 s)
ok   landed -> artifacts/shots/look-blue-spots-bow-glasses/hub-jump/landed.png (0 errors, 0 warnings, sim 1.000 s)
ok   air-control -> artifacts/shots/look-blue-spots-bow-glasses/hub-jump/air-control.png (0 errors, 0 warnings, sim 1.500 s)
ok   landed-again -> artifacts/shots/look-blue-spots-bow-glasses/hub-jump/landed-again.png (0 errors, 0 warnings, sim 2.000 s)
script tools/shot/scripts/hub-island-walk.json (scene hub, layout island, look blue,spots,bow,glasses)
ok   start -> artifacts/shots/look-blue-spots-bow-glasses/hub-island-walk/start.png (0 errors, 0 warnings, sim 0.200 s)
ok   walked-north -> artifacts/shots/look-blue-spots-bow-glasses/hub-island-walk/walked-north.png (0 errors, 0 warnings, sim 2.400 s)
ok   by-the-bench -> artifacts/shots/look-blue-spots-bow-glasses/hub-island-walk/by-the-bench.png (0 errors, 0 warnings, sim 5.100 s)
ok   by-the-rail -> artifacts/shots/look-blue-spots-bow-glasses/hub-island-walk/by-the-rail.png (0 errors, 0 warnings, sim 8.300 s)
script tools/shot/scripts/hub-portal-locked.json (scene hub, layout portals, look blue,spots,bow,glasses)
ok   at-the-ring -> artifacts/shots/look-blue-spots-bow-glasses/hub-portal-locked/at-the-ring.png (0 errors, 0 warnings, sim 0.550 s)
ok   bounced -> artifacts/shots/look-blue-spots-bow-glasses/hub-portal-locked/bounced.png (0 errors, 0 warnings, sim 0.650 s)
ok   landing -> artifacts/shots/look-blue-spots-bow-glasses/hub-portal-locked/landing.png (0 errors, 0 warnings, sim 0.850 s)
ok   back-out -> artifacts/shots/look-blue-spots-bow-glasses/hub-portal-locked/back-out.png (0 errors, 0 warnings, sim 1.350 s)
script tools/shot/scripts/hub-portal-enter.json (scene hub, layout portals, look blue,spots,bow,glasses)
ok   start -> artifacts/shots/look-blue-spots-bow-glasses/hub-portal-enter/start.png (0 errors, 0 warnings, sim 0.100 s)
ok   walking-over -> artifacts/shots/look-blue-spots-bow-glasses/hub-portal-enter/walking-over.png (0 errors, 0 warnings, sim 1.100 s)
ok   entering -> artifacts/shots/look-blue-spots-bow-glasses/hub-portal-enter/entering.png (0 errors, 0 warnings, sim 2.050 s)
ok   vanishing -> artifacts/shots/look-blue-spots-bow-glasses/hub-portal-enter/vanishing.png (0 errors, 0 warnings, sim 2.300 s)
ok   gone -> artifacts/shots/look-blue-spots-bow-glasses/hub-portal-enter/gone.png (0 errors, 0 warnings, sim 2.800 s)
ok   still-gone -> artifacts/shots/look-blue-spots-bow-glasses/hub-portal-enter/still-gone.png (0 errors, 0 warnings, sim 3.300 s)
script tools/shot/scripts/hub-yard-bench.json (scene hub, layout bench, look blue,spots,bow,glasses)
ok   walking-over -> artifacts/shots/look-blue-spots-bow-glasses/hub-yard-bench/walking-over.png (0 errors, 0 warnings, sim 0.400 s)
ok   hop-on -> artifacts/shots/look-blue-spots-bow-glasses/hub-yard-bench/hop-on.png (0 errors, 0 warnings, sim 1.000 s)
ok   greeted -> artifacts/shots/look-blue-spots-bow-glasses/hub-yard-bench/greeted.png (0 errors, 0 warnings, sim 1.600 s)
script tools/shot/scripts/hub-walk.json (scene hub, layout plaza, look blue,spots,bow,glasses)
ok   start -> artifacts/shots/look-blue-spots-bow-glasses/hub-walk/start.png (0 errors, 0 warnings, sim 0.000 s)
ok   walked-1s -> artifacts/shots/look-blue-spots-bow-glasses/hub-walk/walked-1s.png (0 errors, 0 warnings, sim 1.000 s)
ok   ran-back-1s -> artifacts/shots/look-blue-spots-bow-glasses/hub-walk/ran-back-1s.png (0 errors, 0 warnings, sim 2.000 s)
ok   diagonal-half-s -> artifacts/shots/look-blue-spots-bow-glasses/hub-walk/diagonal-half-s.png (0 errors, 0 warnings, sim 2.500 s)
script tools/shot/scripts/hub-yard-carts.json (scene hub, layout carts, look blue,spots,bow,glasses)
ok   west-of-light-cart -> artifacts/shots/look-blue-spots-bow-glasses/hub-yard-carts/west-of-light-cart.png (0 errors, 0 warnings, sim 1.000 s)
ok   at-cap -> artifacts/shots/look-blue-spots-bow-glasses/hub-yard-carts/at-cap.png (0 errors, 0 warnings, sim 1.600 s)
ok   after-collision -> artifacts/shots/look-blue-spots-bow-glasses/hub-yard-carts/after-collision.png (0 errors, 0 warnings, sim 4.000 s)
script tools/shot/scripts/hub-carts-board-still.json (scene hub, layout plaza, look cream,sprout)
ok   hopping-in -> artifacts/shots/look-cream-sprout/hub-carts-board-still/hopping-in.png (0 errors, 0 warnings, sim 1.500 s)
ok   in-still-cart -> artifacts/shots/look-cream-sprout/hub-carts-board-still/in-still-cart.png (0 errors, 0 warnings, sim 1.900 s)
script tools/shot/scripts/hub-bench-around.json (scene hub, layout plaza, look cream,sprout)
ok   behind-bench -> artifacts/shots/look-cream-sprout/hub-bench-around/behind-bench.png (0 errors, 0 warnings, sim 1.700 s)
ok   going-around -> artifacts/shots/look-cream-sprout/hub-bench-around/going-around.png (0 errors, 0 warnings, sim 2.200 s)
ok   hopping-on -> artifacts/shots/look-cream-sprout/hub-bench-around/hopping-on.png (0 errors, 0 warnings, sim 3.200 s)
ok   sat-from-behind -> artifacts/shots/look-cream-sprout/hub-bench-around/sat-from-behind.png (0 errors, 0 warnings, sim 4.200 s)
script tools/shot/scripts/hub-bench-depth.json (scene hub, layout plaza, look cream,sprout)
ok   same-row-as-bench -> artifacts/shots/look-cream-sprout/hub-bench-depth/same-row-as-bench.png (0 errors, 0 warnings, sim 0.833 s)
ok   behind-bench -> artifacts/shots/look-cream-sprout/hub-bench-depth/behind-bench.png (0 errors, 0 warnings, sim 1.733 s)
ok   in-front-of-bench -> artifacts/shots/look-cream-sprout/hub-bench-depth/in-front-of-bench.png (0 errors, 0 warnings, sim 3.533 s)
ok   sat-with-e -> artifacts/shots/look-cream-sprout/hub-bench-depth/sat-with-e.png (0 errors, 0 warnings, sim 4.533 s)
script tools/shot/scripts/hub-bench.json (scene hub, layout plaza, look cream,sprout)
ok   walking-over -> artifacts/shots/look-cream-sprout/hub-bench/walking-over.png (0 errors, 0 warnings, sim 0.400 s)
ok   hop-on -> artifacts/shots/look-cream-sprout/hub-bench/hop-on.png (0 errors, 0 warnings, sim 1.000 s)
ok   greeted -> artifacts/shots/look-cream-sprout/hub-bench/greeted.png (0 errors, 0 warnings, sim 1.600 s)
ok   sitting-swing -> artifacts/shots/look-cream-sprout/hub-bench/sitting-swing.png (0 errors, 0 warnings, sim 2.300 s)
ok   greeting-over -> artifacts/shots/look-cream-sprout/hub-bench/greeting-over.png (0 errors, 0 warnings, sim 3.900 s)
ok   dozing -> artifacts/shots/look-cream-sprout/hub-bench/dozing.png (0 errors, 0 warnings, sim 6.700 s)
ok   dozing-later -> artifacts/shots/look-cream-sprout/hub-bench/dozing-later.png (0 errors, 0 warnings, sim 7.700 s)
ok   standing-up -> artifacts/shots/look-cream-sprout/hub-bench/standing-up.png (0 errors, 0 warnings, sim 7.850 s)
ok   walked-off -> artifacts/shots/look-cream-sprout/hub-bench/walked-off.png (0 errors, 0 warnings, sim 8.350 s)
script tools/shot/scripts/hub-carts-heavy.json (scene hub, layout plaza, look cream,sprout)
ok   east-of-heavy-cart -> artifacts/shots/look-cream-sprout/hub-carts-heavy/east-of-heavy-cart.png (0 errors, 0 warnings, sim 3.100 s)
ok   pushing-a -> artifacts/shots/look-cream-sprout/hub-carts-heavy/pushing-a.png (0 errors, 0 warnings, sim 3.600 s)
ok   pushing-b -> artifacts/shots/look-cream-sprout/hub-carts-heavy/pushing-b.png (0 errors, 0 warnings, sim 3.900 s)
ok   at-cap -> artifacts/shots/look-cream-sprout/hub-carts-heavy/at-cap.png (0 errors, 0 warnings, sim 4.900 s)
ok   coasting -> artifacts/shots/look-cream-sprout/hub-carts-heavy/coasting.png (0 errors, 0 warnings, sim 5.400 s)
script tools/shot/scripts/hub-carts-push.json (scene hub, layout plaza, look cream,sprout)
ok   west-of-light-cart -> artifacts/shots/look-cream-sprout/hub-carts-push/west-of-light-cart.png (0 errors, 0 warnings, sim 1.000 s)
ok   pushing-a -> artifacts/shots/look-cream-sprout/hub-carts-push/pushing-a.png (0 errors, 0 warnings, sim 1.300 s)
ok   pushing-b -> artifacts/shots/look-cream-sprout/hub-carts-push/pushing-b.png (0 errors, 0 warnings, sim 1.400 s)
ok   at-cap -> artifacts/shots/look-cream-sprout/hub-carts-push/at-cap.png (0 errors, 0 warnings, sim 1.600 s)
ok   coasting -> artifacts/shots/look-cream-sprout/hub-carts-push/coasting.png (0 errors, 0 warnings, sim 2.500 s)
ok   after-collision -> artifacts/shots/look-cream-sprout/hub-carts-push/after-collision.png (0 errors, 0 warnings, sim 4.000 s)
ok   later -> artifacts/shots/look-cream-sprout/hub-carts-push/later.png (0 errors, 0 warnings, sim 7.000 s)
script tools/shot/scripts/hub-depth-tie.json (scene hub, layout plaza, look cream,sprout)
ok   same-row-as-prop -> artifacts/shots/look-cream-sprout/hub-depth-tie/same-row-as-prop.png (0 errors, 0 warnings, sim 3.900 s)
script tools/shot/scripts/hub-carts-ride.json (scene hub, layout plaza, look cream,sprout)
ok   at-cap -> artifacts/shots/look-cream-sprout/hub-carts-ride/at-cap.png (0 errors, 0 warnings, sim 1.600 s)
ok   crouch -> artifacts/shots/look-cream-sprout/hub-carts-ride/crouch.png (0 errors, 0 warnings, sim 1.667 s)
ok   hop-up -> artifacts/shots/look-cream-sprout/hub-carts-ride/hop-up.png (0 errors, 0 warnings, sim 1.867 s)
ok   hop-down -> artifacts/shots/look-cream-sprout/hub-carts-ride/hop-down.png (0 errors, 0 warnings, sim 2.017 s)
ok   got-in -> artifacts/shots/look-cream-sprout/hub-carts-ride/got-in.png (0 errors, 0 warnings, sim 2.117 s)
ok   riding -> artifacts/shots/look-cream-sprout/hub-carts-ride/riding.png (0 errors, 0 warnings, sim 2.617 s)
ok   hopping-out -> artifacts/shots/look-cream-sprout/hub-carts-ride/hopping-out.png (0 errors, 0 warnings, sim 2.717 s)
ok   got-out -> artifacts/shots/look-cream-sprout/hub-carts-ride/got-out.png (0 errors, 0 warnings, sim 3.017 s)
ok   rolling-on -> artifacts/shots/look-cream-sprout/hub-carts-ride/rolling-on.png (0 errors, 0 warnings, sim 3.517 s)
script tools/shot/scripts/hub-depth.json (scene hub, layout plaza, look cream,sprout)
ok   behind-prop -> artifacts/shots/look-cream-sprout/hub-depth/behind-prop.png (0 errors, 0 warnings, sim 2.500 s)
ok   in-front-of-prop -> artifacts/shots/look-cream-sprout/hub-depth/in-front-of-prop.png (0 errors, 0 warnings, sim 4.750 s)
ok   stuck-cancelled -> artifacts/shots/look-cream-sprout/hub-depth/stuck-cancelled.png (0 errors, 0 warnings, sim 6.750 s)
script tools/shot/scripts/hub-island-portals.json (scene hub, layout island, look cream,sprout)
ok   towards-waves -> artifacts/shots/look-cream-sprout/hub-island-portals/towards-waves.png (0 errors, 0 warnings, sim 1.000 s)
ok   at-the-portals -> artifacts/shots/look-cream-sprout/hub-island-portals/at-the-portals.png (0 errors, 0 warnings, sim 1.700 s)
ok   into-waves -> artifacts/shots/look-cream-sprout/hub-island-portals/into-waves.png (0 errors, 0 warnings, sim 2.600 s)
ok   gone -> artifacts/shots/look-cream-sprout/hub-island-portals/gone.png (0 errors, 0 warnings, sim 3.200 s)
script tools/shot/scripts/hub-island-edges.json (scene hub, layout island, look cream,sprout)
ok   north-edge -> artifacts/shots/look-cream-sprout/hub-island-edges/north-edge.png (0 errors, 0 warnings, sim 3.600 s)
ok   north-east-edge -> artifacts/shots/look-cream-sprout/hub-island-edges/north-east-edge.png (0 errors, 0 warnings, sim 7.200 s)
ok   east-corner -> artifacts/shots/look-cream-sprout/hub-island-edges/east-corner.png (0 errors, 0 warnings, sim 10.300 s)
ok   west-corner -> artifacts/shots/look-cream-sprout/hub-island-edges/west-corner.png (0 errors, 0 warnings, sim 15.900 s)
ok   south-edge -> artifacts/shots/look-cream-sprout/hub-island-edges/south-edge.png (0 errors, 0 warnings, sim 20.500 s)
script tools/shot/scripts/hub-island-walk.json (scene hub, layout island, look cream,sprout)
ok   start -> artifacts/shots/look-cream-sprout/hub-island-walk/start.png (0 errors, 0 warnings, sim 0.200 s)
ok   walked-north -> artifacts/shots/look-cream-sprout/hub-island-walk/walked-north.png (0 errors, 0 warnings, sim 2.400 s)
ok   by-the-bench -> artifacts/shots/look-cream-sprout/hub-island-walk/by-the-bench.png (0 errors, 0 warnings, sim 5.100 s)
ok   by-the-rail -> artifacts/shots/look-cream-sprout/hub-island-walk/by-the-rail.png (0 errors, 0 warnings, sim 8.300 s)
script tools/shot/scripts/hub-jump.json (scene hub, layout plaza, look cream,sprout)
ok   ground -> artifacts/shots/look-cream-sprout/hub-jump/ground.png (0 errors, 0 warnings, sim 0.000 s)
ok   apex -> artifacts/shots/look-cream-sprout/hub-jump/apex.png (0 errors, 0 warnings, sim 0.400 s)
ok   landed -> artifacts/shots/look-cream-sprout/hub-jump/landed.png (0 errors, 0 warnings, sim 1.000 s)
ok   air-control -> artifacts/shots/look-cream-sprout/hub-jump/air-control.png (0 errors, 0 warnings, sim 1.500 s)
ok   landed-again -> artifacts/shots/look-cream-sprout/hub-jump/landed-again.png (0 errors, 0 warnings, sim 2.000 s)
script tools/shot/scripts/hub-portal-locked.json (scene hub, layout portals, look cream,sprout)
ok   at-the-ring -> artifacts/shots/look-cream-sprout/hub-portal-locked/at-the-ring.png (0 errors, 0 warnings, sim 0.550 s)
ok   bounced -> artifacts/shots/look-cream-sprout/hub-portal-locked/bounced.png (0 errors, 0 warnings, sim 0.650 s)
ok   landing -> artifacts/shots/look-cream-sprout/hub-portal-locked/landing.png (0 errors, 0 warnings, sim 0.850 s)
ok   back-out -> artifacts/shots/look-cream-sprout/hub-portal-locked/back-out.png (0 errors, 0 warnings, sim 1.350 s)
script tools/shot/scripts/hub-portal-enter.json (scene hub, layout portals, look cream,sprout)
ok   start -> artifacts/shots/look-cream-sprout/hub-portal-enter/start.png (0 errors, 0 warnings, sim 0.100 s)
ok   walking-over -> artifacts/shots/look-cream-sprout/hub-portal-enter/walking-over.png (0 errors, 0 warnings, sim 1.100 s)
ok   entering -> artifacts/shots/look-cream-sprout/hub-portal-enter/entering.png (0 errors, 0 warnings, sim 2.050 s)
ok   vanishing -> artifacts/shots/look-cream-sprout/hub-portal-enter/vanishing.png (0 errors, 0 warnings, sim 2.300 s)
ok   gone -> artifacts/shots/look-cream-sprout/hub-portal-enter/gone.png (0 errors, 0 warnings, sim 2.800 s)
ok   still-gone -> artifacts/shots/look-cream-sprout/hub-portal-enter/still-gone.png (0 errors, 0 warnings, sim 3.300 s)
script tools/shot/scripts/hub-walk.json (scene hub, layout plaza, look cream,sprout)
ok   start -> artifacts/shots/look-cream-sprout/hub-walk/start.png (0 errors, 0 warnings, sim 0.000 s)
ok   walked-1s -> artifacts/shots/look-cream-sprout/hub-walk/walked-1s.png (0 errors, 0 warnings, sim 1.000 s)
ok   ran-back-1s -> artifacts/shots/look-cream-sprout/hub-walk/ran-back-1s.png (0 errors, 0 warnings, sim 2.000 s)
ok   diagonal-half-s -> artifacts/shots/look-cream-sprout/hub-walk/diagonal-half-s.png (0 errors, 0 warnings, sim 2.500 s)
script tools/shot/scripts/hub-yard-bench.json (scene hub, layout bench, look cream,sprout)
ok   walking-over -> artifacts/shots/look-cream-sprout/hub-yard-bench/walking-over.png (0 errors, 0 warnings, sim 0.400 s)
ok   hop-on -> artifacts/shots/look-cream-sprout/hub-yard-bench/hop-on.png (0 errors, 0 warnings, sim 1.000 s)
ok   greeted -> artifacts/shots/look-cream-sprout/hub-yard-bench/greeted.png (0 errors, 0 warnings, sim 1.600 s)
script tools/shot/scripts/hub-yard-carts.json (scene hub, layout carts, look cream,sprout)
ok   west-of-light-cart -> artifacts/shots/look-cream-sprout/hub-yard-carts/west-of-light-cart.png (0 errors, 0 warnings, sim 1.000 s)
ok   at-cap -> artifacts/shots/look-cream-sprout/hub-yard-carts/at-cap.png (0 errors, 0 warnings, sim 1.600 s)
ok   after-collision -> artifacts/shots/look-cream-sprout/hub-yard-carts/after-collision.png (0 errors, 0 warnings, sim 4.000 s)
script tools/shot/scripts/hub-carts-board-still.json (scene hub, layout plaza, look violet,spots,bear-ears,glasses)
ok   hopping-in -> artifacts/shots/look-violet-spots-bear-ears-glasses/hub-carts-board-still/hopping-in.png (0 errors, 0 warnings, sim 1.500 s)
ok   in-still-cart -> artifacts/shots/look-violet-spots-bear-ears-glasses/hub-carts-board-still/in-still-cart.png (0 errors, 0 warnings, sim 1.900 s)
script tools/shot/scripts/hub-bench-around.json (scene hub, layout plaza, look violet,spots,bear-ears,glasses)
ok   behind-bench -> artifacts/shots/look-violet-spots-bear-ears-glasses/hub-bench-around/behind-bench.png (0 errors, 0 warnings, sim 1.700 s)
ok   going-around -> artifacts/shots/look-violet-spots-bear-ears-glasses/hub-bench-around/going-around.png (0 errors, 0 warnings, sim 2.200 s)
ok   hopping-on -> artifacts/shots/look-violet-spots-bear-ears-glasses/hub-bench-around/hopping-on.png (0 errors, 0 warnings, sim 3.200 s)
ok   sat-from-behind -> artifacts/shots/look-violet-spots-bear-ears-glasses/hub-bench-around/sat-from-behind.png (0 errors, 0 warnings, sim 4.200 s)
script tools/shot/scripts/hub-bench-depth.json (scene hub, layout plaza, look violet,spots,bear-ears,glasses)
ok   same-row-as-bench -> artifacts/shots/look-violet-spots-bear-ears-glasses/hub-bench-depth/same-row-as-bench.png (0 errors, 0 warnings, sim 0.833 s)
ok   behind-bench -> artifacts/shots/look-violet-spots-bear-ears-glasses/hub-bench-depth/behind-bench.png (0 errors, 0 warnings, sim 1.733 s)
ok   in-front-of-bench -> artifacts/shots/look-violet-spots-bear-ears-glasses/hub-bench-depth/in-front-of-bench.png (0 errors, 0 warnings, sim 3.533 s)
ok   sat-with-e -> artifacts/shots/look-violet-spots-bear-ears-glasses/hub-bench-depth/sat-with-e.png (0 errors, 0 warnings, sim 4.533 s)
script tools/shot/scripts/hub-bench.json (scene hub, layout plaza, look violet,spots,bear-ears,glasses)
ok   walking-over -> artifacts/shots/look-violet-spots-bear-ears-glasses/hub-bench/walking-over.png (0 errors, 0 warnings, sim 0.400 s)
ok   hop-on -> artifacts/shots/look-violet-spots-bear-ears-glasses/hub-bench/hop-on.png (0 errors, 0 warnings, sim 1.000 s)
ok   greeted -> artifacts/shots/look-violet-spots-bear-ears-glasses/hub-bench/greeted.png (0 errors, 0 warnings, sim 1.600 s)
ok   sitting-swing -> artifacts/shots/look-violet-spots-bear-ears-glasses/hub-bench/sitting-swing.png (0 errors, 0 warnings, sim 2.300 s)
ok   greeting-over -> artifacts/shots/look-violet-spots-bear-ears-glasses/hub-bench/greeting-over.png (0 errors, 0 warnings, sim 3.900 s)
ok   dozing -> artifacts/shots/look-violet-spots-bear-ears-glasses/hub-bench/dozing.png (0 errors, 0 warnings, sim 6.700 s)
ok   dozing-later -> artifacts/shots/look-violet-spots-bear-ears-glasses/hub-bench/dozing-later.png (0 errors, 0 warnings, sim 7.700 s)
ok   standing-up -> artifacts/shots/look-violet-spots-bear-ears-glasses/hub-bench/standing-up.png (0 errors, 0 warnings, sim 7.850 s)
ok   walked-off -> artifacts/shots/look-violet-spots-bear-ears-glasses/hub-bench/walked-off.png (0 errors, 0 warnings, sim 8.350 s)
script tools/shot/scripts/hub-carts-heavy.json (scene hub, layout plaza, look violet,spots,bear-ears,glasses)
ok   east-of-heavy-cart -> artifacts/shots/look-violet-spots-bear-ears-glasses/hub-carts-heavy/east-of-heavy-cart.png (0 errors, 0 warnings, sim 3.100 s)
ok   pushing-a -> artifacts/shots/look-violet-spots-bear-ears-glasses/hub-carts-heavy/pushing-a.png (0 errors, 0 warnings, sim 3.600 s)
ok   pushing-b -> artifacts/shots/look-violet-spots-bear-ears-glasses/hub-carts-heavy/pushing-b.png (0 errors, 0 warnings, sim 3.900 s)
ok   at-cap -> artifacts/shots/look-violet-spots-bear-ears-glasses/hub-carts-heavy/at-cap.png (0 errors, 0 warnings, sim 4.900 s)
ok   coasting -> artifacts/shots/look-violet-spots-bear-ears-glasses/hub-carts-heavy/coasting.png (0 errors, 0 warnings, sim 5.400 s)
script tools/shot/scripts/hub-carts-push.json (scene hub, layout plaza, look violet,spots,bear-ears,glasses)
ok   west-of-light-cart -> artifacts/shots/look-violet-spots-bear-ears-glasses/hub-carts-push/west-of-light-cart.png (0 errors, 0 warnings, sim 1.000 s)
ok   pushing-a -> artifacts/shots/look-violet-spots-bear-ears-glasses/hub-carts-push/pushing-a.png (0 errors, 0 warnings, sim 1.300 s)
ok   pushing-b -> artifacts/shots/look-violet-spots-bear-ears-glasses/hub-carts-push/pushing-b.png (0 errors, 0 warnings, sim 1.400 s)
ok   at-cap -> artifacts/shots/look-violet-spots-bear-ears-glasses/hub-carts-push/at-cap.png (0 errors, 0 warnings, sim 1.600 s)
ok   coasting -> artifacts/shots/look-violet-spots-bear-ears-glasses/hub-carts-push/coasting.png (0 errors, 0 warnings, sim 2.500 s)
ok   after-collision -> artifacts/shots/look-violet-spots-bear-ears-glasses/hub-carts-push/after-collision.png (0 errors, 0 warnings, sim 4.000 s)
ok   later -> artifacts/shots/look-violet-spots-bear-ears-glasses/hub-carts-push/later.png (0 errors, 0 warnings, sim 7.000 s)
script tools/shot/scripts/hub-depth-tie.json (scene hub, layout plaza, look violet,spots,bear-ears,glasses)
ok   same-row-as-prop -> artifacts/shots/look-violet-spots-bear-ears-glasses/hub-depth-tie/same-row-as-prop.png (0 errors, 0 warnings, sim 3.900 s)
script tools/shot/scripts/hub-carts-ride.json (scene hub, layout plaza, look violet,spots,bear-ears,glasses)
ok   at-cap -> artifacts/shots/look-violet-spots-bear-ears-glasses/hub-carts-ride/at-cap.png (0 errors, 0 warnings, sim 1.600 s)
ok   crouch -> artifacts/shots/look-violet-spots-bear-ears-glasses/hub-carts-ride/crouch.png (0 errors, 0 warnings, sim 1.667 s)
ok   hop-up -> artifacts/shots/look-violet-spots-bear-ears-glasses/hub-carts-ride/hop-up.png (0 errors, 0 warnings, sim 1.867 s)
ok   hop-down -> artifacts/shots/look-violet-spots-bear-ears-glasses/hub-carts-ride/hop-down.png (0 errors, 0 warnings, sim 2.017 s)
ok   got-in -> artifacts/shots/look-violet-spots-bear-ears-glasses/hub-carts-ride/got-in.png (0 errors, 0 warnings, sim 2.117 s)
ok   riding -> artifacts/shots/look-violet-spots-bear-ears-glasses/hub-carts-ride/riding.png (0 errors, 0 warnings, sim 2.617 s)
ok   hopping-out -> artifacts/shots/look-violet-spots-bear-ears-glasses/hub-carts-ride/hopping-out.png (0 errors, 0 warnings, sim 2.717 s)
ok   got-out -> artifacts/shots/look-violet-spots-bear-ears-glasses/hub-carts-ride/got-out.png (0 errors, 0 warnings, sim 3.017 s)
ok   rolling-on -> artifacts/shots/look-violet-spots-bear-ears-glasses/hub-carts-ride/rolling-on.png (0 errors, 0 warnings, sim 3.517 s)
script tools/shot/scripts/hub-depth.json (scene hub, layout plaza, look violet,spots,bear-ears,glasses)
ok   behind-prop -> artifacts/shots/look-violet-spots-bear-ears-glasses/hub-depth/behind-prop.png (0 errors, 0 warnings, sim 2.500 s)
ok   in-front-of-prop -> artifacts/shots/look-violet-spots-bear-ears-glasses/hub-depth/in-front-of-prop.png (0 errors, 0 warnings, sim 4.750 s)
ok   stuck-cancelled -> artifacts/shots/look-violet-spots-bear-ears-glasses/hub-depth/stuck-cancelled.png (0 errors, 0 warnings, sim 6.750 s)
script tools/shot/scripts/hub-island-portals.json (scene hub, layout island, look violet,spots,bear-ears,glasses)
ok   towards-waves -> artifacts/shots/look-violet-spots-bear-ears-glasses/hub-island-portals/towards-waves.png (0 errors, 0 warnings, sim 1.000 s)
ok   at-the-portals -> artifacts/shots/look-violet-spots-bear-ears-glasses/hub-island-portals/at-the-portals.png (0 errors, 0 warnings, sim 1.700 s)
ok   into-waves -> artifacts/shots/look-violet-spots-bear-ears-glasses/hub-island-portals/into-waves.png (0 errors, 0 warnings, sim 2.600 s)
ok   gone -> artifacts/shots/look-violet-spots-bear-ears-glasses/hub-island-portals/gone.png (0 errors, 0 warnings, sim 3.200 s)
script tools/shot/scripts/hub-island-edges.json (scene hub, layout island, look violet,spots,bear-ears,glasses)
ok   north-edge -> artifacts/shots/look-violet-spots-bear-ears-glasses/hub-island-edges/north-edge.png (0 errors, 0 warnings, sim 3.600 s)
ok   north-east-edge -> artifacts/shots/look-violet-spots-bear-ears-glasses/hub-island-edges/north-east-edge.png (0 errors, 0 warnings, sim 7.200 s)
ok   east-corner -> artifacts/shots/look-violet-spots-bear-ears-glasses/hub-island-edges/east-corner.png (0 errors, 0 warnings, sim 10.300 s)
ok   west-corner -> artifacts/shots/look-violet-spots-bear-ears-glasses/hub-island-edges/west-corner.png (0 errors, 0 warnings, sim 15.900 s)
ok   south-edge -> artifacts/shots/look-violet-spots-bear-ears-glasses/hub-island-edges/south-edge.png (0 errors, 0 warnings, sim 20.500 s)
script tools/shot/scripts/hub-island-walk.json (scene hub, layout island, look violet,spots,bear-ears,glasses)
ok   start -> artifacts/shots/look-violet-spots-bear-ears-glasses/hub-island-walk/start.png (0 errors, 0 warnings, sim 0.200 s)
ok   walked-north -> artifacts/shots/look-violet-spots-bear-ears-glasses/hub-island-walk/walked-north.png (0 errors, 0 warnings, sim 2.400 s)
ok   by-the-bench -> artifacts/shots/look-violet-spots-bear-ears-glasses/hub-island-walk/by-the-bench.png (0 errors, 0 warnings, sim 5.100 s)
ok   by-the-rail -> artifacts/shots/look-violet-spots-bear-ears-glasses/hub-island-walk/by-the-rail.png (0 errors, 0 warnings, sim 8.300 s)
script tools/shot/scripts/hub-jump.json (scene hub, layout plaza, look violet,spots,bear-ears,glasses)
ok   ground -> artifacts/shots/look-violet-spots-bear-ears-glasses/hub-jump/ground.png (0 errors, 0 warnings, sim 0.000 s)
ok   apex -> artifacts/shots/look-violet-spots-bear-ears-glasses/hub-jump/apex.png (0 errors, 0 warnings, sim 0.400 s)
ok   landed -> artifacts/shots/look-violet-spots-bear-ears-glasses/hub-jump/landed.png (0 errors, 0 warnings, sim 1.000 s)
ok   air-control -> artifacts/shots/look-violet-spots-bear-ears-glasses/hub-jump/air-control.png (0 errors, 0 warnings, sim 1.500 s)
ok   landed-again -> artifacts/shots/look-violet-spots-bear-ears-glasses/hub-jump/landed-again.png (0 errors, 0 warnings, sim 2.000 s)
script tools/shot/scripts/hub-portal-locked.json (scene hub, layout portals, look violet,spots,bear-ears,glasses)
ok   at-the-ring -> artifacts/shots/look-violet-spots-bear-ears-glasses/hub-portal-locked/at-the-ring.png (0 errors, 0 warnings, sim 0.550 s)
ok   bounced -> artifacts/shots/look-violet-spots-bear-ears-glasses/hub-portal-locked/bounced.png (0 errors, 0 warnings, sim 0.650 s)
ok   landing -> artifacts/shots/look-violet-spots-bear-ears-glasses/hub-portal-locked/landing.png (0 errors, 0 warnings, sim 0.850 s)
ok   back-out -> artifacts/shots/look-violet-spots-bear-ears-glasses/hub-portal-locked/back-out.png (0 errors, 0 warnings, sim 1.350 s)
script tools/shot/scripts/hub-portal-enter.json (scene hub, layout portals, look violet,spots,bear-ears,glasses)
ok   start -> artifacts/shots/look-violet-spots-bear-ears-glasses/hub-portal-enter/start.png (0 errors, 0 warnings, sim 0.100 s)
ok   walking-over -> artifacts/shots/look-violet-spots-bear-ears-glasses/hub-portal-enter/walking-over.png (0 errors, 0 warnings, sim 1.100 s)
ok   entering -> artifacts/shots/look-violet-spots-bear-ears-glasses/hub-portal-enter/entering.png (0 errors, 0 warnings, sim 2.050 s)
ok   vanishing -> artifacts/shots/look-violet-spots-bear-ears-glasses/hub-portal-enter/vanishing.png (0 errors, 0 warnings, sim 2.300 s)
ok   gone -> artifacts/shots/look-violet-spots-bear-ears-glasses/hub-portal-enter/gone.png (0 errors, 0 warnings, sim 2.800 s)
ok   still-gone -> artifacts/shots/look-violet-spots-bear-ears-glasses/hub-portal-enter/still-gone.png (0 errors, 0 warnings, sim 3.300 s)
script tools/shot/scripts/hub-yard-bench.json (scene hub, layout bench, look violet,spots,bear-ears,glasses)
ok   walking-over -> artifacts/shots/look-violet-spots-bear-ears-glasses/hub-yard-bench/walking-over.png (0 errors, 0 warnings, sim 0.400 s)
ok   hop-on -> artifacts/shots/look-violet-spots-bear-ears-glasses/hub-yard-bench/hop-on.png (0 errors, 0 warnings, sim 1.000 s)
ok   greeted -> artifacts/shots/look-violet-spots-bear-ears-glasses/hub-yard-bench/greeted.png (0 errors, 0 warnings, sim 1.600 s)
script tools/shot/scripts/hub-walk.json (scene hub, layout plaza, look violet,spots,bear-ears,glasses)
ok   start -> artifacts/shots/look-violet-spots-bear-ears-glasses/hub-walk/start.png (0 errors, 0 warnings, sim 0.000 s)
ok   walked-1s -> artifacts/shots/look-violet-spots-bear-ears-glasses/hub-walk/walked-1s.png (0 errors, 0 warnings, sim 1.000 s)
ok   ran-back-1s -> artifacts/shots/look-violet-spots-bear-ears-glasses/hub-walk/ran-back-1s.png (0 errors, 0 warnings, sim 2.000 s)
ok   diagonal-half-s -> artifacts/shots/look-violet-spots-bear-ears-glasses/hub-walk/diagonal-half-s.png (0 errors, 0 warnings, sim 2.500 s)
script tools/shot/scripts/hub-yard-carts.json (scene hub, layout carts, look violet,spots,bear-ears,glasses)
ok   west-of-light-cart -> artifacts/shots/look-violet-spots-bear-ears-glasses/hub-yard-carts/west-of-light-cart.png (0 errors, 0 warnings, sim 1.000 s)
ok   at-cap -> artifacts/shots/look-violet-spots-bear-ears-glasses/hub-yard-carts/at-cap.png (0 errors, 0 warnings, sim 1.600 s)
ok   after-collision -> artifacts/shots/look-violet-spots-bear-ears-glasses/hub-yard-carts/after-collision.png (0 errors, 0 warnings, sim 4.000 s)
ok   empty -> artifacts/shots/empty.png (0 errors, 0 warnings, 82.96 fps)
ok   drop -> artifacts/shots/drop.png (0 errors, 0 warnings, 119.99 fps, sim 2.083 s)
ok   hub -> artifacts/shots/hub.png (0 errors, 0 warnings, 119.49 fps, sim 2.117 s)
ok   bean -> artifacts/shots/bean.png (0 errors, 0 warnings, 120 fps)
ok   looks -> artifacts/shots/looks.png (0 errors, 0 warnings, 119.99 fps)
ok   region -> artifacts/shots/region.png (0 errors, 0 warnings, 119.99 fps)
ok   drop t=1.000 -> artifacts/shots/drop_t1.000.png (0 errors, 0 warnings, 119.99 fps, sim 1.000 s)
ok   drop t=1.500 -> artifacts/shots/drop_t1.500.png (0 errors, 0 warnings, 119.99 fps, sim 1.500 s)
ok   hub-carts-push: acceleration of the 5 kg cart (m/s²): 8.140000000000011 (expected 8.14 ± 1e-9)
ok   hub-carts-push: speed at the cap (m/s): 1.9 (expected 1.9 ± 0)
ok   hub-carts-heavy: acceleration of the 20 kg cart (m/s²): 1.8399999999999999 (expected 1.84 ± 1e-9)
ok   hub-carts-heavy: speed at the cap (m/s): 1.9 (expected 1.9 ± 0)
     collision at t = 2.9172568139873385 s: 5 kg 1.6615132283632936 → -0.3323026456726587 m/s, 20 kg 0 → 0.4984539685089881 m/s
ok   hub-carts-push: momentum after − before (kg·m/s): 0 (expected 0 ± 1e-9)
ok   hub-carts-push: restitution: 0.5 (expected 0.5 ± 1e-9)
     in at t = 2.1166666666666667 s: 1.7656666666666676 → 0.3531333333333335 m/s; out at t = 2.6166666666666667 s: 0.22313333333333302 → 1.115666666666665 m/s
ok   hub-carts-ride: rider mass added (kg): 20 (expected 20 ± 0)
ok   hub-carts-ride: coasting from the cap until touchdown (m/s): 1.7656666666666676 (expected 1.7656666666666665 ± 1e-9)
ok   hub-carts-ride: speed getting in (m/s): 0.3531333333333335 (expected 0.3531333333333335 ± 1e-9)
ok   hub-carts-ride: logged speed after getting in (m/s): 0.3531333333333335 (expected 0.3531333333333335 ± 1e-9)
ok   hub-carts-ride: speed at take-off (m/s): 0.22313333333333302 (expected 0.22313333333333302 ± 1e-9)
ok   hub-carts-ride: speed getting out (m/s): 1.115666666666665 (expected 1.115666666666665 ± 1e-9)
ok   hub-carts-ride: logged speed after getting out (m/s): 1.0116666666666658 (expected 1.011666666666665 ± 1e-9)
all cart checks passed (readouts included)
ok   blue,spots,bow,glasses: 82 sim states compared with the default look, 0 differ
ok   cream,sprout: 82 sim states compared with the default look, 0 differ
ok   violet,spots,bear-ears,glasses: 82 sim states compared with the default look, 0 differ
same    drop-reset\after-r.json
same    drop-reset\after-tap.json
same    drop-reset\t1.json
live    drop.json (skipped: a live shot's tick depends on wall-clock time)
same    drop_t1.000.json
same    drop_t1.500.json
same    hub-bench-around\behind-bench.json
same    hub-bench-around\going-around.json
same    hub-bench-around\hopping-on.json
same    hub-bench-around\sat-from-behind.json
same    hub-bench-depth\behind-bench.json
same    hub-bench-depth\in-front-of-bench.json
same    hub-bench-depth\same-row-as-bench.json
same    hub-bench-depth\sat-with-e.json
same    hub-bench\dozing-later.json
same    hub-bench\dozing.json
same    hub-bench\greeted.json
same    hub-bench\greeting-over.json
same    hub-bench\hop-on.json
same    hub-bench\sitting-swing.json
same    hub-bench\standing-up.json
same    hub-bench\walked-off.json
same    hub-bench\walking-over.json
same    hub-carts-board-still\hopping-in.json
same    hub-carts-board-still\in-still-cart.json
same    hub-carts-heavy\at-cap.json
same    hub-carts-heavy\coasting.json
same    hub-carts-heavy\east-of-heavy-cart.json
same    hub-carts-heavy\pushing-a.json
same    hub-carts-heavy\pushing-b.json
same    hub-carts-push\after-collision.json
same    hub-carts-push\at-cap.json
same    hub-carts-push\coasting.json
same    hub-carts-push\later.json
same    hub-carts-push\pushing-a.json
same    hub-carts-push\pushing-b.json
same    hub-carts-push\west-of-light-cart.json
same    hub-carts-ride\at-cap.json
same    hub-carts-ride\crouch.json
same    hub-carts-ride\got-in.json
same    hub-carts-ride\got-out.json
same    hub-carts-ride\hop-down.json
same    hub-carts-ride\hop-up.json
same    hub-carts-ride\hopping-out.json
same    hub-carts-ride\riding.json
same    hub-carts-ride\rolling-on.json
same    hub-depth-tie\same-row-as-prop.json
same    hub-depth\behind-prop.json
same    hub-depth\in-front-of-prop.json
same    hub-depth\stuck-cancelled.json
same    hub-jump\air-control.json
same    hub-jump\apex.json
same    hub-jump\ground.json
same    hub-jump\landed-again.json
same    hub-jump\landed.json
same    hub-walk\diagonal-half-s.json
same    hub-walk\ran-back-1s.json
same    hub-walk\start.json
same    hub-walk\walked-1s.json
live    hub.json (skipped: a live shot's tick depends on wall-clock time)

verify: all passed in 115 s
check           ok     83 s  380 passed (380); output in artifacts/verify/check.log
scripts         ok     23 s  19 script(s), 85 shots
looks           ok     59 s  3 looks × 18 hub script(s)
scenes          ok     31 s  6 live + 2 timed; fps empty 83, drop 120, hub 119, bean 120, looks 120, region 120
check-carts     ok           13 checks, 0 failed
looks-compare   ok           246 sim states against the default look, 0 differ
compare-states  ok           58 sim states against docs/status/m1-s3, 0 differ or missing
